Precompiling packages...
    999.6 ms  ? DiffEqBase → DiffEqBaseChainRulesCoreExt
     Testing KinematicDriver
      Status `/private/var/folders/sr/r055c6v92rs2jb_md_p3bx_00000gn/T/jl_6iSiuJ/Project.toml`
  [4c88cf16] Aqua v0.8.14
  [c7e460c6] ArgParse v1.2.0
  [13f3f980] CairoMakie v0.15.9
  [d414da3d] ClimaCore v0.14.50
  [cf7c7e5a] ClimaCorePlots v0.2.11
  [5c42b081] ClimaParams v1.0.14
⌅ [6a9e3e04] CloudMicrophysics v0.29.1
⌅ [9e3b23bb] Cloudy v0.5.6
  [a98d9a8b] Interpolations v0.16.2
⌅ [c3a54625] JET v0.9.18
  [83200819] KinematicDriver v0.14.0 `~/Desktop/Code/KinematicDriver.jl`
  [85f8d34a] NCDatasets v0.14.12
⌃ [1dea7af3] OrdinaryDiffEq v6.101.0
  [91a5bcdd] Plots v1.41.6
  [1bc83da4] SafeTestsets v0.1.0
  [b60c26fb] Thermodynamics v0.15.8
  [ade2ca70] Dates
  [37e2e46d] LinearAlgebra
  [8dfed614] Test
      Status `/private/var/folders/sr/r055c6v92rs2jb_md_p3bx_00000gn/T/jl_6iSiuJ/Manifest.toml`
  [47edcb42] ADTypes v1.21.0
  [621f4979] AbstractFFTs v1.5.0
  [1520ce14] AbstractTrees v0.4.5
  [7d9f7c33] Accessors v0.1.43
  [79e6a3ab] Adapt v4.5.0
  [35492f91] AdaptivePredicates v1.2.0
  [66dad0bd] AliasTables v1.1.3
  [27a7e980] Animations v0.4.2
  [4c88cf16] Aqua v0.8.14
  [c7e460c6] ArgParse v1.2.0
  [4fba245c] ArrayInterface v7.23.0
  [4c555306] ArrayLayouts v1.12.2
  [67c07d97] Automa v1.1.0
  [13072b0f] AxisAlgorithms v1.1.0
  [39de3d68] AxisArrays v0.4.8
  [aae01518] BandedMatrices v1.11.0
  [18cc8868] BaseDirs v1.3.2
  [d1d4a3ce] BitFlags v0.1.9
  [62783981] BitTwiddlingConvenienceFunctions v0.1.6
  [8e7c35d0] BlockArrays v1.9.3
⌃ [70df07ce] BracketingNonlinearSolve v1.5.0
  [fa961155] CEnum v0.5.0
  [179af706] CFTime v0.2.5
  [2a0fbf3d] CPUSummary v0.2.7
  [96374032] CRlibm v1.0.2
  [159f3aea] Cairo v1.1.1
  [13f3f980] CairoMakie v0.15.9
  [d360d2e6] ChainRulesCore v1.26.0
  [3a4d1b5c] ClimaComms v0.6.10
  [d414da3d] ClimaCore v0.14.50
  [cf7c7e5a] ClimaCorePlots v0.2.11
  [dd0f122e] ClimaInterpolations v0.1.1
  [5c42b081] ClimaParams v1.0.14
  [fb6a15b2] CloseOpenIntervals v0.1.13
⌅ [6a9e3e04] CloudMicrophysics v0.29.1
⌅ [9e3b23bb] Cloudy v0.5.6
⌅ [da1fd8a2] CodeTracking v1.3.9
  [944b1d66] CodecZlib v0.7.8
  [a2cac450] ColorBrewer v0.4.2
  [35d6a980] ColorSchemes v3.31.0
  [3da002f7] ColorTypes v0.12.1
  [c3611d14] ColorVectorSpace v0.11.0
  [5ae59095] Colors v0.13.1
  [1fbeeb36] CommonDataModel v0.4.2
  [38540f10] CommonSolve v0.2.6
  [bbf7d656] CommonSubexpressions v0.3.1
  [f70d9fcc] CommonWorldInvalidations v1.0.0
  [34da2185] Compat v4.18.1
  [a33af91c] CompositionsBase v0.1.2
  [95dc2771] ComputePipeline v0.1.7
  [2569d6c7] ConcreteStructs v0.2.3
  [f0e56b4a] ConcurrentUtilities v2.5.1
  [187b0558] ConstructionBase v1.6.0
  [d38c429a] Contour v0.6.3
  [adafc99b] CpuId v0.3.1
  [7445602f] CubedSphere v0.3.4
  [9a962f9c] DataAPI v1.16.0
⌅ [864edb3b] DataStructures v0.18.22
  [e2d170a0] DataValueInterfaces v1.0.0
  [927a84f5] DelaunayTriangulation v1.6.6
  [8bb1440f] DelimitedFiles v1.9.1
⌃ [2b5f629d] DiffEqBase v6.194.0
  [163ba53b] DiffResults v1.1.0
  [b552c78f] DiffRules v1.15.1
  [a0c0ee7d] DifferentiationInterface v0.7.16
  [3c3547ce] DiskArrays v0.4.19
  [b4f34e82] Distances v0.10.12
  [31c24e10] Distributions v0.25.123
  [ffbed154] DocStringExtensions v0.9.5
  [4e289a0a] EnumX v1.0.7
  [f151be2c] EnzymeCore v0.8.18
  [429591f6] ExactPredicates v2.2.9
  [460bff9d] ExceptionUnwrapping v0.1.11
  [d4d017d3] ExponentialUtilities v1.30.0
  [e2ba6199] ExprTools v0.1.10
  [55351af7] ExproniconLite v0.10.14
  [411431e0] Extents v0.1.6
  [c87230d0] FFMPEG v0.4.5
  [b86e33f2] FFTA v0.3.1
  [7034ab61] FastBroadcast v0.3.5
  [9aa1b823] FastClosures v0.3.2
  [442a2c76] FastGaussQuadrature v1.1.0
  [a4df4552] FastPower v1.3.1
  [5789e2e9] FileIO v1.18.0
  [8fc22ac5] FilePaths v0.9.0
  [48062228] FilePathsBase v0.9.24
  [1a297f60] FillArrays v1.16.0
  [6a86dc24] FiniteDiff v2.29.0
  [53c48c17] FixedPointNumbers v0.8.5
  [1fa38f19] Format v1.3.7
  [f6369f11] ForwardDiff v1.3.2
  [b38be410] FreeType v4.1.1
  [663a7486] FreeTypeAbstraction v0.10.8
  [069b7b12] FunctionWrappers v1.1.3
  [77dc65aa] FunctionWrappersWrappers v0.1.3
  [46192b85] GPUArraysCore v0.2.0
  [28b8d3ca] GR v0.73.24
  [d54b0c1a] GaussQuadrature v0.5.8
  [c145ed77] GenericSchur v0.5.6
  [5c1252a2] GeometryBasics v0.5.10
  [88fa7841] GilbertCurves v0.1.0
  [a2bd30eb] Graphics v1.1.3
  [3955a311] GridLayoutBase v0.11.2
  [42e2da0e] Grisu v1.0.2
  [f67ccb44] HDF5 v0.17.2
  [cd3eb016] HTTP v1.10.19
  [34004b35] HypergeometricFunctions v0.3.28
  [615f187c] IfElse v0.1.1
  [2803e5a7] ImageAxes v0.6.12
  [c817782e] ImageBase v0.1.7
  [a09fc81d] ImageCore v0.10.5
  [82e4d734] ImageIO v0.6.9
  [bc367c6b] ImageMetadata v0.9.10
  [9b13fd28] IndirectArrays v1.0.0
  [d25df0c9] Inflate v0.1.5
  [18e54dd8] IntegerMathUtils v0.1.3
  [a98d9a8b] Interpolations v0.16.2
  [d1acc4aa] IntervalArithmetic v1.0.2
  [8197267c] IntervalSets v0.7.13
  [3587e190] InverseFunctions v0.1.17
  [92d709cd] IrrationalConstants v0.2.6
  [f1662d9f] Isoband v0.1.1
  [c8e1da08] IterTools v1.10.0
  [82899510] IteratorInterfaceExtensions v1.0.0
⌅ [c3a54625] JET v0.9.18
  [1019f520] JLFzf v0.1.11
  [692b3bcd] JLLWrappers v1.7.1
  [682c06a0] JSON v1.4.0
  [ae98c720] Jieko v0.2.1
  [b835a17e] JpegTurbo v0.1.6
⌅ [aa1ae85d] JuliaInterpreter v0.9.46
⌅ [70703baa] JuliaSyntax v0.4.10
  [5ab0869b] KernelDensity v0.6.11
  [83200819] KinematicDriver v0.14.0 `~/Desktop/Code/KinematicDriver.jl`
  [ba0b0d4f] Krylov v0.10.5
⌅ [0b1a1467] KrylovKit v0.8.3
  [8ac3fa9e] LRUCache v1.6.2
  [b964fa9f] LaTeXStrings v1.4.0
  [23fbe1c1] Latexify v0.16.10
  [10f19ff3] LayoutPointers v0.1.17
  [5078a376] LazyArrays v2.9.5
  [9dccce8e] LazyBroadcast v1.0.0
  [8cdb02fc] LazyModules v0.3.1
  [1d6d02ad] LeftChildRightSiblingTrees v0.2.1
  [87fe0de2] LineSearch v0.1.6
⌃ [d3d80556] LineSearches v7.5.1
⌃ [7ed4a6bd] LinearSolve v3.26.0
  [2ab3a3ac] LogExpFunctions v0.3.29
  [e6f89c97] LoggingExtras v1.2.0
⌃ [6f1432cf] LoweredCodeUtils v3.2.2
  [3da0fdf6] MPIPreferences v0.1.11
  [1914dd2f] MacroTools v0.5.16
  [ee78f7c6] Makie v0.24.9
  [d125e4d3] ManualMemory v0.1.8
  [dbb5928d] MappedArrays v0.4.3
  [0a4f8689] MathTeXEngine v0.6.7
  [bb5d69b7] MaybeInplace v0.1.4
  [739be429] MbedTLS v1.1.10
  [442fdcdd] Measures v0.3.3
  [e1d29d7a] Missings v1.2.0
  [e94cdb99] MosaicViews v0.3.4
  [2e0e35c7] Moshi v0.3.7
  [46d2c3a1] MuladdMacro v0.2.4
  [c3c07f87] MultiBroadcastFusion v0.3.3
  [85f8d34a] NCDatasets v0.14.12
⌅ [d41bc354] NLSolversBase v7.10.0
  [5da4648a] NVTX v1.0.3
  [77ba4419] NaNMath v1.1.3
  [f09324ee] Netpbm v1.1.1
⌃ [8913a72c] NonlinearSolve v4.12.0
⌃ [be0214bd] NonlinearSolveBase v2.0.0
⌅ [5959db7a] NonlinearSolveFirstOrder v1.9.0
⌃ [9a2c21bd] NonlinearSolveQuasiNewton v1.10.0
⌃ [26075421] NonlinearSolveSpectralMethods v1.5.0
  [510215fc] Observables v0.5.5
  [6fe1bfb0] OffsetArrays v1.17.0
  [52e1d378] OpenEXR v0.3.3
  [4d8831e6] OpenSSL v1.6.1
⌅ [429524aa] Optim v1.13.3
  [bac558e1] OrderedCollections v1.8.1
⌃ [1dea7af3] OrdinaryDiffEq v6.101.0
⌃ [89bda076] OrdinaryDiffEqAdamsBashforthMoulton v1.5.0
⌃ [6ad6398a] OrdinaryDiffEqBDF v1.10.1
⌅ [bbf590c4] OrdinaryDiffEqCore v1.36.0
⌃ [50262376] OrdinaryDiffEqDefault v1.8.0
⌅ [4302a76b] OrdinaryDiffEqDifferentiation v1.16.1
⌃ [9286f039] OrdinaryDiffEqExplicitRK v1.4.0
⌃ [e0540318] OrdinaryDiffEqExponentialRK v1.8.0
⌃ [becaefa8] OrdinaryDiffEqExtrapolation v1.9.0
⌃ [5960d6e9] OrdinaryDiffEqFIRK v1.16.0
⌃ [101fe9f7] OrdinaryDiffEqFeagin v1.4.0
⌃ [d3585ca7] OrdinaryDiffEqFunctionMap v1.5.0
⌃ [d28bc4f8] OrdinaryDiffEqHighOrderRK v1.5.0
⌃ [9f002381] OrdinaryDiffEqIMEXMultistep v1.7.0
⌃ [521117fe] OrdinaryDiffEqLinear v1.6.0
⌃ [1344f307] OrdinaryDiffEqLowOrderRK v1.6.0
⌃ [b0944070] OrdinaryDiffEqLowStorageRK v1.7.0
⌃ [127b3ac7] OrdinaryDiffEqNonlinearSolve v1.15.0
⌃ [c9986a66] OrdinaryDiffEqNordsieck v1.4.0
⌃ [5dd0a6cf] OrdinaryDiffEqPDIRK v1.6.0
⌃ [5b33eab2] OrdinaryDiffEqPRK v1.4.0
⌃ [04162be5] OrdinaryDiffEqQPRK v1.4.0
⌃ [af6ede74] OrdinaryDiffEqRKN v1.5.0
⌃ [43230ef6] OrdinaryDiffEqRosenbrock v1.18.1
⌃ [2d112036] OrdinaryDiffEqSDIRK v1.7.0
⌃ [669c94d9] OrdinaryDiffEqSSPRK v1.7.0
⌃ [e3e12d00] OrdinaryDiffEqStabilizedIRK v1.6.0
⌃ [358294b1] OrdinaryDiffEqStabilizedRK v1.4.0
⌃ [fa646aed] OrdinaryDiffEqSymplecticRK v1.7.0
⌃ [b1df2697] OrdinaryDiffEqTsit5 v1.5.0
⌃ [79d7bb75] OrdinaryDiffEqVerner v1.6.0
  [90014a1f] PDMats v0.11.37
  [f57f5aa1] PNGFiles v0.4.4
  [65ce6f38] PackageExtensionCompat v1.0.2
  [19eb6ba3] Packing v0.5.1
  [5432bcbf] PaddedViews v0.5.12
  [69de0a69] Parsers v2.8.3
  [eebad327] PkgVersion v0.3.3
  [ccf2f8ad] PlotThemes v3.3.0
  [995b91a9] PlotUtils v1.4.4
  [91a5bcdd] Plots v1.41.6
  [f517fe37] Polyester v0.7.19
  [1d0040c9] PolyesterWeave v0.2.2
  [647866c9] PolygonOps v0.1.2
  [85a6dd25] PositiveFactorizations v0.2.4
⌅ [d236fae5] PreallocationTools v0.4.34
⌅ [aea7be01] PrecompileTools v1.2.1
  [21216c6a] Preferences v1.5.2
  [27ebfcd6] Primes v0.5.7
  [33c8b6b6] ProgressLogging v0.1.6
  [92933f4c] ProgressMeter v1.11.0
  [43287f4e] PtrArrays v1.4.0
  [4b34888f] QOI v1.0.2
  [1fd47b50] QuadGK v2.11.2
  [b3c3ace0] RangeArrays v0.3.2
  [c84ed2f1] Ratios v0.4.5
  [3cdcf5f2] RecipesBase v1.3.4
  [01d81517] RecipesPipeline v0.6.12
  [731186ca] RecursiveArrayTools v3.48.0
  [189a3867] Reexport v1.2.2
  [05181044] RelocatableFolders v1.0.1
  [ae029012] Requires v1.3.1
  [79098fc4] Rmath v0.9.0
  [7181ea78] RootSolvers v1.0.2
  [5eaf0fd0] RoundingEmulator v0.2.1
  [7e49a35a] RuntimeGeneratedFunctions v0.5.17
  [fdea26ae] SIMD v3.7.2
  [94e857df] SIMDTypes v0.1.0
  [1bc83da4] SafeTestsets v0.1.0
  [0bca4576] SciMLBase v2.148.0
  [19f34311] SciMLJacobianOperators v0.1.12
  [a6db7da4] SciMLLogging v1.9.1
  [c0aeaf25] SciMLOperators v1.15.1
  [431bcebd] SciMLPublic v1.0.1
  [53ae85a6] SciMLStructures v1.10.0
  [6c6a2e73] Scratch v1.3.0
  [efcf1570] Setfield v1.1.2
  [65257c39] ShaderAbstractions v0.5.0
  [992d4aef] Showoff v1.0.3
  [73760f76] SignedDistanceFields v0.4.1
  [777ac1f9] SimpleBufferStream v1.2.0
⌃ [727e6d20] SimpleNonlinearSolve v2.9.0
  [699a6c99] SimpleTraits v0.9.5
  [ce78b400] SimpleUnPack v1.1.0
  [45858cf5] Sixel v0.1.5
  [a2af1166] SortingAlgorithms v1.2.2
  [0a514795] SparseMatrixColorings v0.4.24
  [276daf66] SpecialFunctions v2.7.1
  [860ef19b] StableRNGs v1.0.4
  [cae243ae] StackViews v0.1.2
  [aedffcd0] Static v1.3.1
  [0d7ed370] StaticArrayInterface v1.9.0
  [90137ffa] StaticArrays v1.9.17
  [1e83bf80] StaticArraysCore v1.4.4
  [82ae8749] StatsAPI v1.8.0
  [2913bbd2] StatsBase v0.34.10
  [4c63d2b9] StatsFuns v1.5.2
  [7792a7ef] StrideArraysCore v0.5.8
  [09ab397b] StructArrays v0.7.2
  [ec057cc2] StructUtils v2.6.3
  [2efcf032] SymbolicIndexingInterface v0.3.46
  [3783bdb8] TableTraits v1.0.1
  [bd369af6] Tables v1.12.1
⌅ [6aa5eb33] TaylorSeries v0.20.10
  [62fd8b95] TensorCore v0.1.1
  [5d786b92] TerminalLoggers v0.1.7
  [b718987f] TextWrap v1.0.2
  [b60c26fb] Thermodynamics v0.15.8
  [8290d209] ThreadingUtilities v0.5.5
  [731e570b] TiffImages v0.11.8
  [a759f4b9] TimerOutputs v0.5.29
  [3bb67fe8] TranscodingStreams v0.11.3
  [981d1d27] TriplotBase v0.1.0
  [781d530d] TruncatedStacktraces v1.4.0
  [5c2747f8] URIs v1.6.1
  [3a884ed6] UnPack v1.0.2
  [1cfade01] UnicodeFun v0.4.1
  [1986cc42] Unitful v1.28.0
  [0fe1646c] UnrolledUtilities v0.1.9
  [41fe7b60] Unzip v0.2.0
⌅ [409d34a3] VectorInterface v0.4.9
  [e3aaa7dc] WebP v0.1.3
  [efce3f68] WoodburyMatrices v1.1.0
  [0b7ba130] Blosc_jll v1.21.7+0
  [6e34b625] Bzip2_jll v1.0.9+0
  [4e9b3aee] CRlibm_jll v1.0.1+0
  [83423d85] Cairo_jll v1.18.5+1
  [ee1fde0b] Dbus_jll v1.16.2+0
  [5ae413db] EarCut_jll v2.2.4+0
  [2702e6a9] EpollShim_jll v0.0.20230411+1
  [2e619515] Expat_jll v2.7.3+0
  [b22a6f82] FFMPEG_jll v8.0.1+0
  [a3f928ae] Fontconfig_jll v2.17.1+0
  [d7e528f0] FreeType2_jll v2.13.4+0
  [559328eb] FriBidi_jll v1.0.17+0
  [0656b61e] GLFW_jll v3.4.1+0
  [d2c73de3] GR_jll v0.73.24+0
  [b0724c58] GettextRuntime_jll v0.22.4+0
  [61579ee1] Ghostscript_jll v9.55.1+0
  [59f7168a] Giflib_jll v5.2.3+0
  [7746bdde] Glib_jll v2.86.3+0
  [3b182d85] Graphite2_jll v1.3.15+0
⌅ [0234f1f7] HDF5_jll v1.14.6+0
  [2e76f6c2] HarfBuzz_jll v8.5.1+0
  [e33a78d0] Hwloc_jll v2.13.0+0
  [905a6f67] Imath_jll v3.2.2+0
  [1d5cc7b8] IntelOpenMP_jll v2025.2.0+0
  [aacddb02] JpegTurbo_jll v3.1.4+0
  [9c1d0b0a] JuliaNVTXCallbacks_jll v0.2.1+0
  [c1c5ebd0] LAME_jll v3.100.3+0
  [88015f11] LERC_jll v4.0.1+0
  [1d63c593] LLVMOpenMP_jll v18.1.8+0
  [dd4b983a] LZO_jll v2.10.3+0
⌅ [e9f186c6] Libffi_jll v3.4.7+0
  [7e76a0d4] Libglvnd_jll v1.7.1+1
  [94ce4f54] Libiconv_jll v1.18.0+0
  [4b2f31a3] Libmount_jll v2.41.3+0
  [89763e89] Libtiff_jll v4.7.2+0
  [38a345b3] Libuuid_jll v2.41.3+0
  [5ced341a] Lz4_jll v1.10.1+0
  [856f044c] MKL_jll v2025.2.0+0
⌅ [7cb0a576] MPICH_jll v4.3.2+0
  [f1f71cc9] MPItrampoline_jll v5.5.5+0
  [9237b28f] MicrosoftMPI_jll v10.1.4+3
  [e98f9f5b] NVTX_jll v3.2.2+0
  [7243133f] NetCDF_jll v401.900.300+0
  [e7412a2a] Ogg_jll v1.3.6+0
⌅ [6cdc7f73] OpenBLASConsistentFPCSR_jll v0.3.29+0
  [18a262bb] OpenEXR_jll v3.4.4+0
  [fe0851c0] OpenMPI_jll v5.0.10+0
  [458c3c95] OpenSSL_jll v3.5.5+0
  [efe28fd5] OpenSpecFun_jll v0.5.6+0
  [91d4177d] Opus_jll v1.6.1+0
  [36c8627f] Pango_jll v1.57.0+0
⌅ [30392449] Pixman_jll v0.44.2+0
  [c0090381] Qt6Base_jll v6.10.2+1
  [629bc702] Qt6Declarative_jll v6.10.2+1
  [ce943373] Qt6ShaderTools_jll v6.10.2+1
  [6de9746b] Qt6Svg_jll v6.10.2+0
  [e99dba38] Qt6Wayland_jll v6.10.2+1
  [f50d1b31] Rmath_jll v0.5.1+0
  [a44049a8] Vulkan_Loader_jll v1.3.243+0
  [a2964d1f] Wayland_jll v1.24.0+0
⌅ [02c8fc9c] XML2_jll v2.13.9+0
  [ffd25f8a] XZ_jll v5.8.2+0
  [f67eecfb] Xorg_libICE_jll v1.1.2+0
  [c834827a] Xorg_libSM_jll v1.2.6+0
  [4f6342f7] Xorg_libX11_jll v1.8.13+0
  [0c0b7dd1] Xorg_libXau_jll v1.0.13+0
  [935fb764] Xorg_libXcursor_jll v1.2.4+0
  [a3789734] Xorg_libXdmcp_jll v1.1.6+0
  [1082639a] Xorg_libXext_jll v1.3.8+0
  [d091e8ba] Xorg_libXfixes_jll v6.0.2+0
  [a51aa0fd] Xorg_libXi_jll v1.8.3+0
  [d1454406] Xorg_libXinerama_jll v1.1.7+0
  [ec84b674] Xorg_libXrandr_jll v1.5.6+0
  [ea2f1a96] Xorg_libXrender_jll v0.9.12+0
  [a65dc6b1] Xorg_libpciaccess_jll v0.18.1+0
  [c7cfdc94] Xorg_libxcb_jll v1.17.1+0
  [cc61e674] Xorg_libxkbfile_jll v1.2.0+0
  [e920d4aa] Xorg_xcb_util_cursor_jll v0.1.6+0
  [12413925] Xorg_xcb_util_image_jll v0.4.1+0
  [2def613f] Xorg_xcb_util_jll v0.4.1+0
  [975044d2] Xorg_xcb_util_keysyms_jll v0.4.1+0
  [0d47668e] Xorg_xcb_util_renderutil_jll v0.3.10+0
  [c22f9ab0] Xorg_xcb_util_wm_jll v0.4.2+0
  [35661453] Xorg_xkbcomp_jll v1.4.7+0
  [33bec58e] Xorg_xkeyboard_config_jll v2.44.0+0
  [c5fb5394] Xorg_xtrans_jll v1.6.0+0
  [3161d3a3] Zstd_jll v1.5.7+1
  [35ca27e7] eudev_jll v3.2.14+0
  [214eeab7] fzf_jll v0.61.1+0
  [9a68df92] isoband_jll v0.2.3+0
  [477f73a3] libaec_jll v1.1.5+0
  [a4ae2306] libaom_jll v3.13.1+0
  [0ac62f75] libass_jll v0.17.4+0
  [1183f4f0] libdecor_jll v0.2.2+0
  [2db6ffa8] libevdev_jll v1.13.4+0
  [f638f0a6] libfdk_aac_jll v2.0.4+0
  [36db933b] libinput_jll v1.28.1+0
  [b53b4c65] libpng_jll v1.6.55+0
  [075b6546] libsixel_jll v1.10.5+0
  [f27f6e37] libvorbis_jll v1.3.8+0
  [c5f90fcd] libwebp_jll v1.6.0+0
  [337d8026] libzip_jll v1.11.3+0
  [009596ad] mtdev_jll v1.1.7+0
  [1317d2d5] oneTBB_jll v2022.0.0+1
⌅ [1270edf5] x264_jll v10164.0.1+0
  [dfaa095f] x265_jll v4.1.0+0
  [d8fb68d0] xkbcommon_jll v1.13.0+0
  [0dad84c5] ArgTools v1.1.1
  [56f22d72] Artifacts
  [2a0f44e3] Base64
  [8bf52ea8] CRC32c
  [ade2ca70] Dates
  [8ba89e20] Distributed
  [f43a241f] Downloads v1.6.0
  [7b1f6079] FileWatching
  [9fa8497b] Future
  [b77e0a4c] InteractiveUtils
  [4af54fe1] LazyArtifacts
  [b27032c2] LibCURL v0.6.4
  [76f85450] LibGit2
  [8f399da3] Libdl
  [37e2e46d] LinearAlgebra
  [56ddb016] Logging
  [d6f4376e] Markdown
  [a63ad114] Mmap
  [ca575930] NetworkOptions v1.2.0
  [44cfe95a] Pkg v1.10.0
  [de0858da] Printf
  [3fa0cd96] REPL
  [9a3f8284] Random
  [ea8e919c] SHA v0.7.0
  [9e88b42a] Serialization
  [1a1011a3] SharedArrays
  [6462fe0b] Sockets
  [2f01184e] SparseArrays v1.10.0
  [10745b16] Statistics v1.10.0
  [4607b0f0] SuiteSparse
  [fa267f1f] TOML v1.0.3
  [a4e569a6] Tar v1.10.0
  [8dfed614] Test
  [cf7118a7] UUIDs
  [4ec0a83e] Unicode
  [e66e0078] CompilerSupportLibraries_jll v1.1.1+0
  [deac9b47] LibCURL_jll v8.4.0+0
  [e37daf67] LibGit2_jll v1.6.4+0
  [29816b5a] LibSSH2_jll v1.11.0+1
  [c8ffd9c3] MbedTLS_jll v2.28.2+1
  [14a3606d] MozillaCACerts_jll v2023.1.10
  [4536629a] OpenBLAS_jll v0.3.23+4
  [05823500] OpenLibm_jll v0.8.5+0
  [efcefdf7] PCRE2_jll v10.42.0+1
  [bea87d4a] SuiteSparse_jll v7.2.1+1
  [83775a58] Zlib_jll v1.2.13+1
  [8e850b90] libblastrampoline_jll v5.11.0+0
  [8e850ede] nghttp2_jll v1.52.0+1
  [3f19e933] p7zip_jll v17.4.0+2
        Info Packages marked with ⌃ and ⌅ have new versions available. Those with ⌃ may be upgradable, but those with ⌅ are restricted by compatibility constraints from upgrading.
     Testing Running tests...
WARNING: Method definition rrule(typeof(SciMLBase.numargs), Any) in module SciMLBaseChainRulesCoreExt at /Users/tapio/.julia/packages/SciMLBase/eTBDr/ext/SciMLBaseChainRulesCoreExt.jl:14 overwritten in module DiffEqBaseChainRulesCoreExt at /Users/tapio/.julia/packages/DiffEqBase/cggak/ext/DiffEqBaseChainRulesCoreExt.jl:10.
ERROR: Method overwriting is not permitted during Module precompilation. Use `__precompile__(false)` to opt-out of precompilation.
WARNING: Method definition rrule(typeof(SciMLBase.numargs), Any) in module SciMLBaseChainRulesCoreExt at /Users/tapio/.julia/packages/SciMLBase/eTBDr/ext/SciMLBaseChainRulesCoreExt.jl:14 overwritten in module DiffEqBaseChainRulesCoreExt at /Users/tapio/.julia/packages/DiffEqBase/cggak/ext/DiffEqBaseChainRulesCoreExt.jl:10.
WARNING: Method definition kwcall(Any, typeof(ChainRulesCore.frule), Tuple, typeof(SciMLBase.checkkwargs), Any) in module SciMLBaseChainRulesCoreExt overwritten in module DiffEqBaseChainRulesCoreExt.
WARNING: Method definition frule(Tuple, typeof(SciMLBase.checkkwargs), Any) in module SciMLBaseChainRulesCoreExt at /Users/tapio/.julia/packages/SciMLBase/eTBDr/ext/SciMLBaseChainRulesCoreExt.jl:10 overwritten in module DiffEqBaseChainRulesCoreExt at /Users/tapio/.julia/packages/DiffEqBase/cggak/ext/DiffEqBaseChainRulesCoreExt.jl:11.
WARNING: Method definition kwcall(NamedTuple{names, T} where T<:Tuple where names, typeof(ChainRulesCore.rrule), typeof(SciMLBase.checkkwargs), Any) in module SciMLBaseChainRulesCoreExt overwritten in module DiffEqBaseChainRulesCoreExt.
WARNING: Method definition rrule(typeof(SciMLBase.checkkwargs), Any) in module SciMLBaseChainRulesCoreExt at /Users/tapio/.julia/packages/SciMLBase/eTBDr/ext/SciMLBaseChainRulesCoreExt.jl:10 overwritten in module DiffEqBaseChainRulesCoreExt at /Users/tapio/.julia/packages/DiffEqBase/cggak/ext/DiffEqBaseChainRulesCoreExt.jl:11.
┌ Warning: `CenterFiniteDifferenceSpace(mesh::IntervalMesh)` is deprecated, use `FiniteDifferenceSpace(FiniteDifferenceGrid(ClimaComms.device(), mesh), CellCenter())` instead.
│   caller = ip:0x0
└ @ Core :-1
ERROR: LoadError: Some tests did not pass: 129 passed, 0 failed, 1 errored, 0 broken.
in expression starting at /Users/tapio/Desktop/Code/KinematicDriver.jl/test/runtests.jl:3
Tendency helper functions: Error During Test at /Users/tapio/Desktop/Code/KinematicDriver.jl/test/unit_tests/common_unit_test.jl:161
  Got exception outside of a @test
  MethodError: no method matching getindex(::ClimaCore.Fields.Field{ClimaCore.DataLayouts.VF{Tuple{Float64, Float64}, 1, Matrix{Float64}}, ClimaCore.Spaces.FiniteDifferenceSpace{ClimaCore.Grids.FiniteDifferenceGrid{ClimaCore.Topologies.IntervalTopology{ClimaComms.SingletonCommsContext{ClimaComms.CPUSingleThreaded}, ClimaCore.Meshes.IntervalMesh{ClimaCore.Meshes.Uniform, ClimaCore.Domains.IntervalDomain{ClimaCore.Geometry.ZPoint{Float64}, Tuple{Symbol, Symbol}}, LinRange{ClimaCore.Geometry.ZPoint{Float64}, Int64}, Nothing}, @NamedTuple{bottom::Int64, top::Int64}}, ClimaCore.Geometry.CartesianGlobalGeometry, ClimaCore.DataLayouts.VF{ClimaCore.Geometry.LocalGeometry{(3,), ClimaCore.Geometry.ZPoint{Float64}, Float64, ClimaCore.Geometry.AxisTensor{Float64, 2, Tuple{ClimaCore.Geometry.LocalAxis{(3,)}, ClimaCore.Geometry.CovariantAxis{(3,)}}, StaticArraysCore.SMatrix{1, 1, Float64, 1}}, ClimaCore.Geometry.AxisTensor{Float64, 2, Tuple{ClimaCore.Geometry.ContravariantAxis{(3,)}, ClimaCore.Geometry.LocalAxis{(3,)}}, StaticArraysCore.SMatrix{1, 1, Float64, 1}}, ClimaCore.Geometry.AxisTensor{Float64, 2, Tuple{ClimaCore.Geometry.ContravariantAxis{(3,)}, ClimaCore.Geometry.ContravariantAxis{(3,)}}, StaticArraysCore.SMatrix{1, 1, Float64, 1}}, ClimaCore.Geometry.AxisTensor{Float64, 2, Tuple{ClimaCore.Geometry.CovariantAxis{(3,)}, ClimaCore.Geometry.CovariantAxis{(3,)}}, StaticArraysCore.SMatrix{1, 1, Float64, 1}}}, 1, Matrix{Float64}}, ClimaCore.DataLayouts.VF{ClimaCore.Geometry.LocalGeometry{(3,), ClimaCore.Geometry.ZPoint{Float64}, Float64, ClimaCore.Geometry.AxisTensor{Float64, 2, Tuple{ClimaCore.Geometry.LocalAxis{(3,)}, ClimaCore.Geometry.CovariantAxis{(3,)}}, StaticArraysCore.SMatrix{1, 1, Float64, 1}}, ClimaCore.Geometry.AxisTensor{Float64, 2, Tuple{ClimaCore.Geometry.ContravariantAxis{(3,)}, ClimaCore.Geometry.LocalAxis{(3,)}}, StaticArraysCore.SMatrix{1, 1, Float64, 1}}, ClimaCore.Geometry.AxisTensor{Float64, 2, Tuple{ClimaCore.Geometry.ContravariantAxis{(3,)}, ClimaCore.Geometry.ContravariantAxis{(3,)}}, StaticArraysCore.SMatrix{1, 1, Float64, 1}}, ClimaCore.Geometry.AxisTensor{Float64, 2, Tuple{ClimaCore.Geometry.CovariantAxis{(3,)}, ClimaCore.Geometry.CovariantAxis{(3,)}}, StaticArraysCore.SMatrix{1, 1, Float64, 1}}}, 2, Matrix{Float64}}}, ClimaCore.Grids.CellCenter}}, ::Int64)
  
  Closest candidates are:
    getindex(::Union{Base.AbstractBroadcasted, ClimaCore.Spaces.AbstractSpace, ClimaCore.Fields.Field, ClimaCore.Fields.FieldVector}, !Matched::ClimaCore.Grids.ColumnIndex)
     @ ClimaCore ~/.julia/packages/ClimaCore/vVw9t/src/Fields/indices.jl:3
    getindex(::ClimaCore.Fields.Field, !Matched::ClimaCore.Fields.SlabIndex)
     @ ClimaCore ~/.julia/packages/ClimaCore/vVw9t/src/Fields/indices.jl:133
    getindex(::ClimaCore.Fields.Field, !Matched::Colon)
     @ ClimaCore ~/.julia/packages/ClimaCore/vVw9t/src/Fields/Fields.jl:524
  
  Stacktrace:
    [1] precompute_aux_thermo!(::KinematicDriver.Common.EquilibriumMoisture, ::KinematicDriver.Common.NoPrecipitation, Y::ClimaCore.Fields.Field{ClimaCore.DataLayouts.VF{@NamedTuple{ρq_tot::Float64}, 1, Matrix{Float64}}, ClimaCore.Spaces.FiniteDifferenceSpace{ClimaCore.Grids.FiniteDifferenceGrid{ClimaCore.Topologies.IntervalTopology{ClimaComms.SingletonCommsContext{ClimaComms.CPUSingleThreaded}, ClimaCore.Meshes.IntervalMesh{ClimaCore.Meshes.Uniform, ClimaCore.Domains.IntervalDomain{ClimaCore.Geometry.ZPoint{Float64}, Tuple{Symbol, Symbol}}, LinRange{ClimaCore.Geometry.ZPoint{Float64}, Int64}, Nothing}, @NamedTuple{bottom::Int64, top::Int64}}, ClimaCore.Geometry.CartesianGlobalGeometry, ClimaCore.DataLayouts.VF{ClimaCore.Geometry.LocalGeometry{(3,), ClimaCore.Geometry.ZPoint{Float64}, Float64, ClimaCore.Geometry.AxisTensor{Float64, 2, Tuple{ClimaCore.Geometry.LocalAxis{(3,)}, ClimaCore.Geometry.CovariantAxis{(3,)}}, StaticArraysCore.SMatrix{1, 1, Float64, 1}}, ClimaCore.Geometry.AxisTensor{Float64, 2, Tuple{ClimaCore.Geometry.ContravariantAxis{(3,)}, ClimaCore.Geometry.LocalAxis{(3,)}}, StaticArraysCore.SMatrix{1, 1, Float64, 1}}, ClimaCore.Geometry.AxisTensor{Float64, 2, Tuple{ClimaCore.Geometry.ContravariantAxis{(3,)}, ClimaCore.Geometry.ContravariantAxis{(3,)}}, StaticArraysCore.SMatrix{1, 1, Float64, 1}}, ClimaCore.Geometry.AxisTensor{Float64, 2, Tuple{ClimaCore.Geometry.CovariantAxis{(3,)}, ClimaCore.Geometry.CovariantAxis{(3,)}}, StaticArraysCore.SMatrix{1, 1, Float64, 1}}}, 1, Matrix{Float64}}, ClimaCore.DataLayouts.VF{ClimaCore.Geometry.LocalGeometry{(3,), ClimaCore.Geometry.ZPoint{Float64}, Float64, ClimaCore.Geometry.AxisTensor{Float64, 2, Tuple{ClimaCore.Geometry.LocalAxis{(3,)}, ClimaCore.Geometry.CovariantAxis{(3,)}}, StaticArraysCore.SMatrix{1, 1, Float64, 1}}, ClimaCore.Geometry.AxisTensor{Float64, 2, Tuple{ClimaCore.Geometry.ContravariantAxis{(3,)}, ClimaCore.Geometry.LocalAxis{(3,)}}, StaticArraysCore.SMatrix{1, 1, Float64, 1}}, ClimaCore.Geometry.AxisTensor{Float64, 2, Tuple{ClimaCore.Geometry.ContravariantAxis{(3,)}, ClimaCore.Geometry.ContravariantAxis{(3,)}}, StaticArraysCore.SMatrix{1, 1, Float64, 1}}, ClimaCore.Geometry.AxisTensor{Float64, 2, Tuple{ClimaCore.Geometry.CovariantAxis{(3,)}, ClimaCore.Geometry.CovariantAxis{(3,)}}, StaticArraysCore.SMatrix{1, 1, Float64, 1}}}, 2, Matrix{Float64}}}, ClimaCore.Grids.CellCenter}}, aux::@NamedTuple{scratch::@NamedTuple{tmp::ClimaCore.Fields.Field{ClimaCore.DataLayouts.VF{Float64, 1, Matrix{Float64}}, ClimaCore.Spaces.FiniteDifferenceSpace{ClimaCore.Grids.FiniteDifferenceGrid{ClimaCore.Topologies.IntervalTopology{ClimaComms.SingletonCommsContext{ClimaComms.CPUSingleThreaded}, ClimaCore.Meshes.IntervalMesh{ClimaCore.Meshes.Uniform, ClimaCore.Domains.IntervalDomain{ClimaCore.Geometry.ZPoint{Float64}, Tuple{Symbol, Symbol}}, LinRange{ClimaCore.Geometry.ZPoint{Float64}, Int64}, Nothing}, @NamedTuple{bottom::Int64, top::Int64}}, ClimaCore.Geometry.CartesianGlobalGeometry, ClimaCore.DataLayouts.VF{ClimaCore.Geometry.LocalGeometry{(3,), ClimaCore.Geometry.ZPoint{Float64}, Float64, ClimaCore.Geometry.AxisTensor{Float64, 2, Tuple{ClimaCore.Geometry.LocalAxis{(3,)}, ClimaCore.Geometry.CovariantAxis{(3,)}}, StaticArraysCore.SMatrix{1, 1, Float64, 1}}, ClimaCore.Geometry.AxisTensor{Float64, 2, Tuple{ClimaCore.Geometry.ContravariantAxis{(3,)}, ClimaCore.Geometry.LocalAxis{(3,)}}, StaticArraysCore.SMatrix{1, 1, Float64, 1}}, ClimaCore.Geometry.AxisTensor{Float64, 2, Tuple{ClimaCore.Geometry.ContravariantAxis{(3,)}, ClimaCore.Geometry.ContravariantAxis{(3,)}}, StaticArraysCore.SMatrix{1, 1, Float64, 1}}, ClimaCore.Geometry.AxisTensor{Float64, 2, Tuple{ClimaCore.Geometry.CovariantAxis{(3,)}, ClimaCore.Geometry.CovariantAxis{(3,)}}, StaticArraysCore.SMatrix{1, 1, Float64, 1}}}, 1, Matrix{Float64}}, ClimaCore.DataLayouts.VF{ClimaCore.Geometry.LocalGeometry{(3,), ClimaCore.Geometry.ZPoint{Float64}, Float64, ClimaCore.Geometry.AxisTensor{Float64, 2, Tuple{ClimaCore.Geometry.LocalAxis{(3,)}, ClimaCore.Geometry.CovariantAxis{(3,)}}, StaticArraysCore.SMatrix{1, 1, Float64, 1}}, ClimaCore.Geometry.AxisTensor{Float64, 2, Tuple{ClimaCore.Geometry.ContravariantAxis{(3,)}, ClimaCore.Geometry.LocalAxis{(3,)}}, StaticArraysCore.SMatrix{1, 1, Float64, 1}}, ClimaCore.Geometry.AxisTensor{Float64, 2, Tuple{ClimaCore.Geometry.ContravariantAxis{(3,)}, ClimaCore.Geometry.ContravariantAxis{(3,)}}, StaticArraysCore.SMatrix{1, 1, Float64, 1}}, ClimaCore.Geometry.AxisTensor{Float64, 2, Tuple{ClimaCore.Geometry.CovariantAxis{(3,)}, ClimaCore.Geometry.CovariantAxis{(3,)}}, StaticArraysCore.SMatrix{1, 1, Float64, 1}}}, 2, Matrix{Float64}}}, ClimaCore.Grids.CellCenter}}, tmp2::ClimaCore.Fields.Field{ClimaCore.DataLayouts.VF{Float64, 1, Matrix{Float64}}, ClimaCore.Spaces.FiniteDifferenceSpace{ClimaCore.Grids.FiniteDifferenceGrid{ClimaCore.Topologies.IntervalTopology{ClimaComms.SingletonCommsContext{ClimaComms.CPUSingleThreaded}, ClimaCore.Meshes.IntervalMesh{ClimaCore.Meshes.Uniform, ClimaCore.Domains.IntervalDomain{ClimaCore.Geometry.ZPoint{Float64}, Tuple{Symbol, Symbol}}, LinRange{ClimaCore.Geometry.ZPoint{Float64}, Int64}, Nothing}, @NamedTuple{bottom::Int64, top::Int64}}, ClimaCore.Geometry.CartesianGlobalGeometry, ClimaCore.DataLayouts.VF{ClimaCore.Geometry.LocalGeometry{(3,), ClimaCore.Geometry.ZPoint{Float64}, Float64, ClimaCore.Geometry.AxisTensor{Float64, 2, Tuple{ClimaCore.Geometry.LocalAxis{(3,)}, ClimaCore.Geometry.CovariantAxis{(3,)}}, StaticArraysCore.SMatrix{1, 1, Float64, 1}}, ClimaCore.Geometry.AxisTensor{Float64, 2, Tuple{ClimaCore.Geometry.ContravariantAxis{(3,)}, ClimaCore.Geometry.LocalAxis{(3,)}}, StaticArraysCore.SMatrix{1, 1, Float64, 1}}, ClimaCore.Geometry.AxisTensor{Float64, 2, Tuple{ClimaCore.Geometry.ContravariantAxis{(3,)}, ClimaCore.Geometry.ContravariantAxis{(3,)}}, StaticArraysCore.SMatrix{1, 1, Float64, 1}}, ClimaCore.Geometry.AxisTensor{Float64, 2, Tuple{ClimaCore.Geometry.CovariantAxis{(3,)}, ClimaCore.Geometry.CovariantAxis{(3,)}}, StaticArraysCore.SMatrix{1, 1, Float64, 1}}}, 1, Matrix{Float64}}, ClimaCore.DataLayouts.VF{ClimaCore.Geometry.LocalGeometry{(3,), ClimaCore.Geometry.ZPoint{Float64}, Float64, ClimaCore.Geometry.AxisTensor{Float64, 2, Tuple{ClimaCore.Geometry.LocalAxis{(3,)}, ClimaCore.Geometry.CovariantAxis{(3,)}}, StaticArraysCore.SMatrix{1, 1, Float64, 1}}, ClimaCore.Geometry.AxisTensor{Float64, 2, Tuple{ClimaCore.Geometry.ContravariantAxis{(3,)}, ClimaCore.Geometry.LocalAxis{(3,)}}, StaticArraysCore.SMatrix{1, 1, Float64, 1}}, ClimaCore.Geometry.AxisTensor{Float64, 2, Tuple{ClimaCore.Geometry.ContravariantAxis{(3,)}, ClimaCore.Geometry.ContravariantAxis{(3,)}}, StaticArraysCore.SMatrix{1, 1, Float64, 1}}, ClimaCore.Geometry.AxisTensor{Float64, 2, Tuple{ClimaCore.Geometry.CovariantAxis{(3,)}, ClimaCore.Geometry.CovariantAxis{(3,)}}, StaticArraysCore.SMatrix{1, 1, Float64, 1}}}, 2, Matrix{Float64}}}, ClimaCore.Grids.CellCenter}}, tmp3::ClimaCore.Fields.Field{ClimaCore.DataLayouts.VF{Float64, 1, Matrix{Float64}}, ClimaCore.Spaces.FiniteDifferenceSpace{ClimaCore.Grids.FiniteDifferenceGrid{ClimaCore.Topologies.IntervalTopology{ClimaComms.SingletonCommsContext{ClimaComms.CPUSingleThreaded}, ClimaCore.Meshes.IntervalMesh{ClimaCore.Meshes.Uniform, ClimaCore.Domains.IntervalDomain{ClimaCore.Geometry.ZPoint{Float64}, Tuple{Symbol, Symbol}}, LinRange{ClimaCore.Geometry.ZPoint{Float64}, Int64}, Nothing}, @NamedTuple{bottom::Int64, top::Int64}}, ClimaCore.Geometry.CartesianGlobalGeometry, ClimaCore.DataLayouts.VF{ClimaCore.Geometry.LocalGeometry{(3,), ClimaCore.Geometry.ZPoint{Float64}, Float64, ClimaCore.Geometry.AxisTensor{Float64, 2, Tuple{ClimaCore.Geometry.LocalAxis{(3,)}, ClimaCore.Geometry.CovariantAxis{(3,)}}, StaticArraysCore.SMatrix{1, 1, Float64, 1}}, ClimaCore.Geometry.AxisTensor{Float64, 2, Tuple{ClimaCore.Geometry.ContravariantAxis{(3,)}, ClimaCore.Geometry.LocalAxis{(3,)}}, StaticArraysCore.SMatrix{1, 1, Float64, 1}}, ClimaCore.Geometry.AxisTensor{Float64, 2, Tuple{ClimaCore.Geometry.ContravariantAxis{(3,)}, ClimaCore.Geometry.ContravariantAxis{(3,)}}, StaticArraysCore.SMatrix{1, 1, Float64, 1}}, ClimaCore.Geometry.AxisTensor{Float64, 2, Tuple{ClimaCore.Geometry.CovariantAxis{(3,)}, ClimaCore.Geometry.CovariantAxis{(3,)}}, StaticArraysCore.SMatrix{1, 1, Float64, 1}}}, 1, Matrix{Float64}}, ClimaCore.DataLayouts.VF{ClimaCore.Geometry.LocalGeometry{(3,), ClimaCore.Geometry.ZPoint{Float64}, Float64, ClimaCore.Geometry.AxisTensor{Float64, 2, Tuple{ClimaCore.Geometry.LocalAxis{(3,)}, ClimaCore.Geometry.CovariantAxis{(3,)}}, StaticArraysCore.SMatrix{1, 1, Float64, 1}}, ClimaCore.Geometry.AxisTensor{Float64, 2, Tuple{ClimaCore.Geometry.ContravariantAxis{(3,)}, ClimaCore.Geometry.LocalAxis{(3,)}}, StaticArraysCore.SMatrix{1, 1, Float64, 1}}, ClimaCore.Geometry.AxisTensor{Float64, 2, Tuple{ClimaCore.Geometry.ContravariantAxis{(3,)}, ClimaCore.Geometry.ContravariantAxis{(3,)}}, StaticArraysCore.SMatrix{1, 1, Float64, 1}}, ClimaCore.Geometry.AxisTensor{Float64, 2, Tuple{ClimaCore.Geometry.CovariantAxis{(3,)}, ClimaCore.Geometry.CovariantAxis{(3,)}}, StaticArraysCore.SMatrix{1, 1, Float64, 1}}}, 2, Matrix{Float64}}}, ClimaCore.Grids.CellCenter}}, tmp_surface::ClimaCore.Fields.Field{ClimaCore.DataLayouts.DataF{Tuple{Float64, Float64}, Vector{Float64}}, ClimaCore.Spaces.PointSpace{ClimaComms.SingletonCommsContext{ClimaComms.CPUSingleThreaded}, ClimaCore.DataLayouts.DataF{ClimaCore.Geometry.LocalGeometry{(3,), ClimaCore.Geometry.ZPoint{Float64}, Float64, ClimaCore.Geometry.AxisTensor{Float64, 2, Tuple{ClimaCore.Geometry.LocalAxis{(3,)}, ClimaCore.Geometry.CovariantAxis{(3,)}}, StaticArraysCore.SMatrix{1, 1, Float64, 1}}, ClimaCore.Geometry.AxisTensor{Float64, 2, Tuple{ClimaCore.Geometry.ContravariantAxis{(3,)}, ClimaCore.Geometry.LocalAxis{(3,)}}, StaticArraysCore.SMatrix{1, 1, Float64, 1}}, ClimaCore.Geometry.AxisTensor{Float64, 2, Tuple{ClimaCore.Geometry.ContravariantAxis{(3,)}, ClimaCore.Geometry.ContravariantAxis{(3,)}}, StaticArraysCore.SMatrix{1, 1, Float64, 1}}, ClimaCore.Geometry.AxisTensor{Float64, 2, Tuple{ClimaCore.Geometry.CovariantAxis{(3,)}, ClimaCore.Geometry.CovariantAxis{(3,)}}, StaticArraysCore.SMatrix{1, 1, Float64, 1}}}, SubArray{Float64, 1, Matrix{Float64}, Tuple{Int64, Base.Slice{Base.OneTo{Int64}}}, true}}}}}, thermo_variables::ClimaCore.Fields.Field{ClimaCore.DataLayouts.VF{@NamedTuple{ρ::Float64, ρ_dry::Float64, p::Float64, T::Float64, θ_liq_ice::Float64, θ_dry::Float64}, 1, Matrix{Float64}}, ClimaCore.Spaces.FiniteDifferenceSpace{ClimaCore.Grids.FiniteDifferenceGrid{ClimaCore.Topologies.IntervalTopology{ClimaComms.SingletonCommsContext{ClimaComms.CPUSingleThreaded}, ClimaCore.Meshes.IntervalMesh{ClimaCore.Meshes.Uniform, ClimaCore.Domains.IntervalDomain{ClimaCore.Geometry.ZPoint{Float64}, Tuple{Symbol, Symbol}}, LinRange{ClimaCore.Geometry.ZPoint{Float64}, Int64}, Nothing}, @NamedTuple{bottom::Int64, top::Int64}}, ClimaCore.Geometry.CartesianGlobalGeometry, ClimaCore.DataLayouts.VF{ClimaCore.Geometry.LocalGeometry{(3,), ClimaCore.Geometry.ZPoint{Float64}, Float64, ClimaCore.Geometry.AxisTensor{Float64, 2, Tuple{ClimaCore.Geometry.LocalAxis{(3,)}, ClimaCore.Geometry.CovariantAxis{(3,)}}, StaticArraysCore.SMatrix{1, 1, Float64, 1}}, ClimaCore.Geometry.AxisTensor{Float64, 2, Tuple{ClimaCore.Geometry.ContravariantAxis{(3,)}, ClimaCore.Geometry.LocalAxis{(3,)}}, StaticArraysCore.SMatrix{1, 1, Float64, 1}}, ClimaCore.Geometry.AxisTensor{Float64, 2, Tuple{ClimaCore.Geometry.ContravariantAxis{(3,)}, ClimaCore.Geometry.ContravariantAxis{(3,)}}, StaticArraysCore.SMatrix{1, 1, Float64, 1}}, ClimaCore.Geometry.AxisTensor{Float64, 2, Tuple{ClimaCore.Geometry.CovariantAxis{(3,)}, ClimaCore.Geometry.CovariantAxis{(3,)}}, StaticArraysCore.SMatrix{1, 1, Float64, 1}}}, 1, Matrix{Float64}}, ClimaCore.DataLayouts.VF{ClimaCore.Geometry.LocalGeometry{(3,), ClimaCore.Geometry.ZPoint{Float64}, Float64, ClimaCore.Geometry.AxisTensor{Float64, 2, Tuple{ClimaCore.Geometry.LocalAxis{(3,)}, ClimaCore.Geometry.CovariantAxis{(3,)}}, StaticArraysCore.SMatrix{1, 1, Float64, 1}}, ClimaCore.Geometry.AxisTensor{Float64, 2, Tuple{ClimaCore.Geometry.ContravariantAxis{(3,)}, ClimaCore.Geometry.LocalAxis{(3,)}}, StaticArraysCore.SMatrix{1, 1, Float64, 1}}, ClimaCore.Geometry.AxisTensor{Float64, 2, Tuple{ClimaCore.Geometry.ContravariantAxis{(3,)}, ClimaCore.Geometry.ContravariantAxis{(3,)}}, StaticArraysCore.SMatrix{1, 1, Float64, 1}}, ClimaCore.Geometry.AxisTensor{Float64, 2, Tuple{ClimaCore.Geometry.CovariantAxis{(3,)}, ClimaCore.Geometry.CovariantAxis{(3,)}}, StaticArraysCore.SMatrix{1, 1, Float64, 1}}}, 2, Matrix{Float64}}}, ClimaCore.Grids.CellCenter}}, microph_variables::ClimaCore.Fields.Field{ClimaCore.DataLayouts.VF{@NamedTuple{q_tot::Float64, q_liq::Float64, q_ice::Float64}, 1, Matrix{Float64}}, ClimaCore.Spaces.FiniteDifferenceSpace{ClimaCore.Grids.FiniteDifferenceGrid{ClimaCore.Topologies.IntervalTopology{ClimaComms.SingletonCommsContext{ClimaComms.CPUSingleThreaded}, ClimaCore.Meshes.IntervalMesh{ClimaCore.Meshes.Uniform, ClimaCore.Domains.IntervalDomain{ClimaCore.Geometry.ZPoint{Float64}, Tuple{Symbol, Symbol}}, LinRange{ClimaCore.Geometry.ZPoint{Float64}, Int64}, Nothing}, @NamedTuple{bottom::Int64, top::Int64}}, ClimaCore.Geometry.CartesianGlobalGeometry, ClimaCore.DataLayouts.VF{ClimaCore.Geometry.LocalGeometry{(3,), ClimaCore.Geometry.ZPoint{Float64}, Float64, ClimaCore.Geometry.AxisTensor{Float64, 2, Tuple{ClimaCore.Geometry.LocalAxis{(3,)}, ClimaCore.Geometry.CovariantAxis{(3,)}}, StaticArraysCore.SMatrix{1, 1, Float64, 1}}, ClimaCore.Geometry.AxisTensor{Float64, 2, Tuple{ClimaCore.Geometry.ContravariantAxis{(3,)}, ClimaCore.Geometry.LocalAxis{(3,)}}, StaticArraysCore.SMatrix{1, 1, Float64, 1}}, ClimaCore.Geometry.AxisTensor{Float64, 2, Tuple{ClimaCore.Geometry.ContravariantAxis{(3,)}, ClimaCore.Geometry.ContravariantAxis{(3,)}}, StaticArraysCore.SMatrix{1, 1, Float64, 1}}, ClimaCore.Geometry.AxisTensor{Float64, 2, Tuple{ClimaCore.Geometry.CovariantAxis{(3,)}, ClimaCore.Geometry.CovariantAxis{(3,)}}, StaticArraysCore.SMatrix{1, 1, Float64, 1}}}, 1, Matrix{Float64}}, ClimaCore.DataLayouts.VF{ClimaCore.Geometry.LocalGeometry{(3,), ClimaCore.Geometry.ZPoint{Float64}, Float64, ClimaCore.Geometry.AxisTensor{Float64, 2, Tuple{ClimaCore.Geometry.LocalAxis{(3,)}, ClimaCore.Geometry.CovariantAxis{(3,)}}, StaticArraysCore.SMatrix{1, 1, Float64, 1}}, ClimaCore.Geometry.AxisTensor{Float64, 2, Tuple{ClimaCore.Geometry.ContravariantAxis{(3,)}, ClimaCore.Geometry.LocalAxis{(3,)}}, StaticArraysCore.SMatrix{1, 1, Float64, 1}}, ClimaCore.Geometry.AxisTensor{Float64, 2, Tuple{ClimaCore.Geometry.ContravariantAxis{(3,)}, ClimaCore.Geometry.ContravariantAxis{(3,)}}, StaticArraysCore.SMatrix{1, 1, Float64, 1}}, ClimaCore.Geometry.AxisTensor{Float64, 2, Tuple{ClimaCore.Geometry.CovariantAxis{(3,)}, ClimaCore.Geometry.CovariantAxis{(3,)}}, StaticArraysCore.SMatrix{1, 1, Float64, 1}}}, 2, Matrix{Float64}}}, ClimaCore.Grids.CellCenter}}, activation_sources::Nothing, cloud_sources::Nothing, precip_sources::ClimaCore.Fields.Field{ClimaCore.DataLayouts.VF{@NamedTuple{q_tot::Float64, q_liq::Float64, q_ice::Float64}, 1, Matrix{Float64}}, ClimaCore.Spaces.FiniteDifferenceSpace{ClimaCore.Grids.FiniteDifferenceGrid{ClimaCore.Topologies.IntervalTopology{ClimaComms.SingletonCommsContext{ClimaComms.CPUSingleThreaded}, ClimaCore.Meshes.IntervalMesh{ClimaCore.Meshes.Uniform, ClimaCore.Domains.IntervalDomain{ClimaCore.Geometry.ZPoint{Float64}, Tuple{Symbol, Symbol}}, LinRange{ClimaCore.Geometry.ZPoint{Float64}, Int64}, Nothing}, @NamedTuple{bottom::Int64, top::Int64}}, ClimaCore.Geometry.CartesianGlobalGeometry, ClimaCore.DataLayouts.VF{ClimaCore.Geometry.LocalGeometry{(3,), ClimaCore.Geometry.ZPoint{Float64}, Float64, ClimaCore.Geometry.AxisTensor{Float64, 2, Tuple{ClimaCore.Geometry.LocalAxis{(3,)}, ClimaCore.Geometry.CovariantAxis{(3,)}}, StaticArraysCore.SMatrix{1, 1, Float64, 1}}, ClimaCore.Geometry.AxisTensor{Float64, 2, Tuple{ClimaCore.Geometry.ContravariantAxis{(3,)}, ClimaCore.Geometry.LocalAxis{(3,)}}, StaticArraysCore.SMatrix{1, 1, Float64, 1}}, ClimaCore.Geometry.AxisTensor{Float64, 2, Tuple{ClimaCore.Geometry.ContravariantAxis{(3,)}, ClimaCore.Geometry.ContravariantAxis{(3,)}}, StaticArraysCore.SMatrix{1, 1, Float64, 1}}, ClimaCore.Geometry.AxisTensor{Float64, 2, Tuple{ClimaCore.Geometry.CovariantAxis{(3,)}, ClimaCore.Geometry.CovariantAxis{(3,)}}, StaticArraysCore.SMatrix{1, 1, Float64, 1}}}, 1, Matrix{Float64}}, ClimaCore.DataLayouts.VF{ClimaCore.Geometry.LocalGeometry{(3,), ClimaCore.Geometry.ZPoint{Float64}, Float64, ClimaCore.Geometry.AxisTensor{Float64, 2, Tuple{ClimaCore.Geometry.LocalAxis{(3,)}, ClimaCore.Geometry.CovariantAxis{(3,)}}, StaticArraysCore.SMatrix{1, 1, Float64, 1}}, ClimaCore.Geometry.AxisTensor{Float64, 2, Tuple{ClimaCore.Geometry.ContravariantAxis{(3,)}, ClimaCore.Geometry.LocalAxis{(3,)}}, StaticArraysCore.SMatrix{1, 1, Float64, 1}}, ClimaCore.Geometry.AxisTensor{Float64, 2, Tuple{ClimaCore.Geometry.ContravariantAxis{(3,)}, ClimaCore.Geometry.ContravariantAxis{(3,)}}, StaticArraysCore.SMatrix{1, 1, Float64, 1}}, ClimaCore.Geometry.AxisTensor{Float64, 2, Tuple{ClimaCore.Geometry.CovariantAxis{(3,)}, ClimaCore.Geometry.CovariantAxis{(3,)}}, StaticArraysCore.SMatrix{1, 1, Float64, 1}}}, 2, Matrix{Float64}}}, ClimaCore.Grids.CellCenter}}, velocities::Nothing, common_params::KinematicDriver.Common.Parameters.CommonParameters{Float64}, thermo_params::Thermodynamics.Parameters.ThermodynamicsParameters{Float64}, air_params::CloudMicrophysics.Parameters.AirProperties{Float64}, activation_params::CloudMicrophysics.Parameters.AerosolActivationParameters{Float64}, Stats::Float64, TS::Float64})
      @ KinematicDriver.Common ~/Desktop/Code/KinematicDriver.jl/src/Common/tendency.jl:45
    [2] macro expansion
      @ ~/Desktop/Code/KinematicDriver.jl/test/unit_tests/common_unit_test.jl:271 [inlined]
    [3] macro expansion
      @ ~/.julia/juliaup/julia-1.10.10+0.aarch64.apple.darwin14/share/julia/stdlib/v1.10/Test/src/Test.jl:1577 [inlined]
    [4] top-level scope
      @ ~/Desktop/Code/KinematicDriver.jl/test/unit_tests/common_unit_test.jl:163
    [5] include(mod::Module, _path::String)
      @ Base ./Base.jl:495
    [6] include(x::String)
      @ Main.var"##Unit Tests#225" ~/.julia/packages/SafeTestsets/raUNr/src/SafeTestsets.jl:28
    [7] macro expansion
      @ ~/Desktop/Code/KinematicDriver.jl/test/unit_tests/unit_test.jl:66 [inlined]
    [8] macro expansion
      @ ~/.julia/juliaup/julia-1.10.10+0.aarch64.apple.darwin14/share/julia/stdlib/v1.10/Test/src/Test.jl:1577 [inlined]
    [9] top-level scope
      @ ~/Desktop/Code/KinematicDriver.jl/test/unit_tests/unit_test.jl:66
   [10] include(mod::Module, _path::String)
      @ Base ./Base.jl:495
   [11] include(x::String)
      @ Main.var"##Unit Tests#225" ~/.julia/packages/SafeTestsets/raUNr/src/SafeTestsets.jl:28
   [12] macro expansion
      @ ~/Desktop/Code/KinematicDriver.jl/test/runtests.jl:4 [inlined]
   [13] macro expansion
      @ ~/.julia/juliaup/julia-1.10.10+0.aarch64.apple.darwin14/share/julia/stdlib/v1.10/Test/src/Test.jl:1577 [inlined]
   [14] macro expansion
      @ ~/Desktop/Code/KinematicDriver.jl/test/runtests.jl:4 [inlined]
   [15] top-level scope
      @ ~/.julia/packages/SafeTestsets/raUNr/src/SafeTestsets.jl:30
   [16] eval(m::Module, e::Any)
      @ Core ./boot.jl:385
   [17] top-level scope
      @ ~/Desktop/Code/KinematicDriver.jl/test/runtests.jl:28
   [18] include(fname::String)
      @ Base.MainInclude ./client.jl:494
   [19] top-level scope
      @ none:6
   [20] eval
      @ ./boot.jl:385 [inlined]
   [21] exec_options(opts::Base.JLOptions)
      @ Base ./client.jl:296
   [22] _start()
      @ Base ./client.jl:557
Test Summary:                         | Pass  Error  Total   Time
Unit Tests                            |  129      1    130  30.6s
  unit tests                          |  129      1    130  22.8s
    Precipitation types               |   14            14   0.3s
    Moisture type                     |    7             7   0.0s
    Initialise state                  |   48            48   1.7s
    Tendency helper functions         |   19      1     20   1.9s
    Parameter overwrites              |    3             3   0.0s
    Make space                        |    1             1   0.1s
    Make rhs function                 |    1             1   0.0s
    Initialise aux                    |   11            11   0.4s
    advection_tendency                |    4             4   4.0s
    advection_tendency p3             |    6             6   5.9s
    aerosol activation for 2M schemes |    3             3   0.6s
    Make space                        |    1             1   1.1s
    Make rhs function                 |    1             1   0.0s
    Initialise aux                    |    6             6   1.4s
    advection tendency                |    4             4   4.9s
ERROR: Package KinematicDriver errored during testing
Stacktrace:
 [1] pkgerror(msg::String)
   @ Pkg.Types ~/.julia/juliaup/julia-1.10.10+0.aarch64.apple.darwin14/share/julia/stdlib/v1.10/Pkg/src/Types.jl:70
 [2] test(ctx::Pkg.Types.Context, pkgs::Vector{Pkg.Types.PackageSpec}; coverage::Bool, julia_args::Cmd, test_args::Cmd, test_fn::Nothing, force_latest_compatible_version::Bool, allow_earlier_backwards_compatible_versions::Bool, allow_reresolve::Bool)
   @ Pkg.Operations ~/.julia/juliaup/julia-1.10.10+0.aarch64.apple.darwin14/share/julia/stdlib/v1.10/Pkg/src/Operations.jl:2034
 [3] test
   @ ~/.julia/juliaup/julia-1.10.10+0.aarch64.apple.darwin14/share/julia/stdlib/v1.10/Pkg/src/Operations.jl:1915 [inlined]
 [4] test(ctx::Pkg.Types.Context, pkgs::Vector{Pkg.Types.PackageSpec}; coverage::Bool, test_fn::Nothing, julia_args::Cmd, test_args::Cmd, force_latest_compatible_version::Bool, allow_earlier_backwards_compatible_versions::Bool, allow_reresolve::Bool, kwargs::@Kwargs{io::IOStream})
   @ Pkg.API ~/.julia/juliaup/julia-1.10.10+0.aarch64.apple.darwin14/share/julia/stdlib/v1.10/Pkg/src/API.jl:444
 [5] test(pkgs::Vector{Pkg.Types.PackageSpec}; io::IOStream, kwargs::@Kwargs{})
   @ Pkg.API ~/.julia/juliaup/julia-1.10.10+0.aarch64.apple.darwin14/share/julia/stdlib/v1.10/Pkg/src/API.jl:159
 [6] test(pkgs::Vector{Pkg.Types.PackageSpec})
   @ Pkg.API ~/.julia/juliaup/julia-1.10.10+0.aarch64.apple.darwin14/share/julia/stdlib/v1.10/Pkg/src/API.jl:148
 [7] test(; name::Nothing, uuid::Nothing, version::Nothing, url::Nothing, rev::Nothing, path::Nothing, mode::Pkg.Types.PackageMode, subdir::Nothing, kwargs::@Kwargs{})
   @ Pkg.API ~/.julia/juliaup/julia-1.10.10+0.aarch64.apple.darwin14/share/julia/stdlib/v1.10/Pkg/src/API.jl:174
 [8] test()
   @ Pkg.API ~/.julia/juliaup/julia-1.10.10+0.aarch64.apple.darwin14/share/julia/stdlib/v1.10/Pkg/src/API.jl:165
 [9] top-level scope
   @ none:1
